WARNING: An illegal reflective access operation has occurred
WARNING: Illegal reflective access by org.codehaus.groovy.vmplugin.v7.Java7$1 (file:/haplox/users/donglf/TCR_chenyr/shell/vdjtools-1.2.1/vdjtools-1.2.1.jar) to constructor java.lang.invoke.MethodHandles$Lookup(java.lang.Class,int)
WARNING: Please consider reporting this to the maintainers of org.codehaus.groovy.vmplugin.v7.Java7$1
WARNING: Use --illegal-access=warn to enable warnings of further illegal reflective access operations
WARNING: All illegal access operations will be denied in a future release
Executing com.antigenomics.vdjtools.overlap.CalcPairwiseDistances -m /haplox/users/chenya/TCR_TEST/vdjtools_comparison_minCount2/cluster/all.TRB.cluster.metadata.txt -i aa /haplox/users/chenya/TCR_TEST/vdjtools_comparison_minCount2/cluster/all.TRB.pwdist
[Tue May 26 10:18:21 CST 2026 CalcPairwiseDistances] Reading samples
[Tue May 26 10:18:21 CST 2026 SampleStreamConnection] Loading sample S044_SZ20250508032WHB-2_gdna_genome_2537265_amp
[Tue May 26 10:18:22 CST 2026 ClonotypeStreamParser] Finished parsing 13800 lines. 1 header and 0 bad line(s) were skipped. Bad line statistics: NO_CDR3NT=0, NO_CDR3AA=0, NO_V=0, NO_J=0, ZERO_COUNT=0, ZERO_FREQ=0, BAD_LINE=0
[Tue May 26 10:18:22 CST 2026 SampleStreamConnection] Loaded sample S044_SZ20250508032WHB-2_gdna_genome_2537265_amp with 13800 clonotypes and 19153190 cells. Memory usage: 2 of 9 GB
[Tue May 26 10:18:22 CST 2026 SampleStreamConnection] Loading sample S044_SZ20250508032WHB-2_gdna_genome_2537265_rna
[Tue May 26 10:18:22 CST 2026 ClonotypeStreamParser] Finished parsing 13793 lines. 1 header and 0 bad line(s) were skipped. Bad line statistics: NO_CDR3NT=0, NO_CDR3AA=0, NO_V=0, NO_J=0, ZERO_COUNT=0, ZERO_FREQ=0, BAD_LINE=0
[Tue May 26 10:18:22 CST 2026 SampleStreamConnection] Loaded sample S044_SZ20250508032WHB-2_gdna_genome_2537265_rna with 13793 clonotypes and 19141250 cells. Memory usage: 2 of 9 GB
[Tue May 26 10:18:22 CST 2026 SampleStreamConnection] Loading sample S045_SZ20250522049WHB-1_gdna_genome_2537266_amp
[Tue May 26 10:18:23 CST 2026 ClonotypeStreamParser] Finished parsing 39390 lines. 1 header and 0 bad line(s) were skipped. Bad line statistics: NO_CDR3NT=0, NO_CDR3AA=0, NO_V=0, NO_J=0, ZERO_COUNT=0, ZERO_FREQ=0, BAD_LINE=0
[Tue May 26 10:18:23 CST 2026 SampleStreamConnection] Loaded sample S045_SZ20250522049WHB-1_gdna_genome_2537266_amp with 39390 clonotypes and 28840923 cells. Memory usage: 2 of 9 GB
[Tue May 26 10:18:23 CST 2026 SampleStreamConnection] Loading sample S045_SZ20250522049WHB-1_gdna_genome_2537266_rna
[Tue May 26 10:18:24 CST 2026 ClonotypeStreamParser] Finished parsing 39327 lines. 1 header and 0 bad line(s) were skipped. Bad line statistics: NO_CDR3NT=0, NO_CDR3AA=0, NO_V=0, NO_J=0, ZERO_COUNT=0, ZERO_FREQ=0, BAD_LINE=0
[Tue May 26 10:18:24 CST 2026 SampleStreamConnection] Loaded sample S045_SZ20250522049WHB-1_gdna_genome_2537266_rna with 39327 clonotypes and 28824471 cells. Memory usage: 2 of 9 GB
[Tue May 26 10:18:24 CST 2026 SampleStreamConnection] Loading sample S046_SZ20250522052WHB-9_gdna_genome_2537267_amp
[Tue May 26 10:18:25 CST 2026 ClonotypeStreamParser] Finished parsing 54067 lines. 1 header and 0 bad line(s) were skipped. Bad line statistics: NO_CDR3NT=0, NO_CDR3AA=0, NO_V=0, NO_J=0, ZERO_COUNT=0, ZERO_FREQ=0, BAD_LINE=0
[Tue May 26 10:18:25 CST 2026 SampleStreamConnection] Loaded sample S046_SZ20250522052WHB-9_gdna_genome_2537267_amp with 54067 clonotypes and 19127750 cells. Memory usage: 2 of 8 GB
[Tue May 26 10:18:25 CST 2026 SampleStreamConnection] Loading sample S046_SZ20250522052WHB-9_gdna_genome_2537267_rna
[Tue May 26 10:18:25 CST 2026 ClonotypeStreamParser] Finished parsing 54012 lines. 1 header and 0 bad line(s) were skipped. Bad line statistics: NO_CDR3NT=0, NO_CDR3AA=0, NO_V=0, NO_J=0, ZERO_COUNT=0, ZERO_FREQ=0, BAD_LINE=0
[Tue May 26 10:18:25 CST 2026 SampleStreamConnection] Loaded sample S046_SZ20250522052WHB-9_gdna_genome_2537267_rna with 54012 clonotypes and 19113733 cells. Memory usage: 2 of 9 GB
[Tue May 26 10:18:25 CST 2026 SampleStreamConnection] Loading sample S047_SZ20250522068WHB-0_gdna_genome_2537268_amp
[Tue May 26 10:18:26 CST 2026 ClonotypeStreamParser] Finished parsing 8606 lines. 1 header and 0 bad line(s) were skipped. Bad line statistics: NO_CDR3NT=0, NO_CDR3AA=0, NO_V=0, NO_J=0, ZERO_COUNT=0, ZERO_FREQ=0, BAD_LINE=0
[Tue May 26 10:18:26 CST 2026 SampleStreamConnection] Loaded sample S047_SZ20250522068WHB-0_gdna_genome_2537268_amp with 8606 clonotypes and 18053240 cells. Memory usage: 2 of 9 GB
[Tue May 26 10:18:26 CST 2026 SampleStreamConnection] Loading sample S047_SZ20250522068WHB-0_gdna_genome_2537268_rna
[Tue May 26 10:18:26 CST 2026 ClonotypeStreamParser] Finished parsing 8611 lines. 1 header and 0 bad line(s) were skipped. Bad line statistics: NO_CDR3NT=0, NO_CDR3AA=0, NO_V=0, NO_J=0, ZERO_COUNT=0, ZERO_FREQ=0, BAD_LINE=0
[Tue May 26 10:18:26 CST 2026 SampleStreamConnection] Loaded sample S047_SZ20250522068WHB-0_gdna_genome_2537268_rna with 8611 clonotypes and 18045108 cells. Memory usage: 2 of 9 GB
[Tue May 26 10:18:26 CST 2026 SampleStreamConnection] Loading sample S048_SZ20250621039WHB-2_gdna_genome_2537269_amp
[Tue May 26 10:18:26 CST 2026 ClonotypeStreamParser] Finished parsing 40013 lines. 1 header and 0 bad line(s) were skipped. Bad line statistics: NO_CDR3NT=0, NO_CDR3AA=0, NO_V=0, NO_J=0, ZERO_COUNT=0, ZERO_FREQ=0, BAD_LINE=0
[Tue May 26 10:18:26 CST 2026 SampleStreamConnection] Loaded sample S048_SZ20250621039WHB-2_gdna_genome_2537269_amp with 40013 clonotypes and 24221044 cells. Memory usage: 2 of 9 GB
[Tue May 26 10:18:26 CST 2026 SampleStreamConnection] Loading sample S048_SZ20250621039WHB-2_gdna_genome_2537269_rna
[Tue May 26 10:18:27 CST 2026 ClonotypeStreamParser] Finished parsing 40018 lines. 1 header and 0 bad line(s) were skipped. Bad line statistics: NO_CDR3NT=0, NO_CDR3AA=0, NO_V=0, NO_J=0, ZERO_COUNT=0, ZERO_FREQ=0, BAD_LINE=0
[Tue May 26 10:18:27 CST 2026 SampleStreamConnection] Loaded sample S048_SZ20250621039WHB-2_gdna_genome_2537269_rna with 40018 clonotypes and 24200430 cells. Memory usage: 2 of 9 GB
[Tue May 26 10:18:27 CST 2026 CalcPairwiseDistances] 10 samples loaded
[Tue May 26 10:18:27 CST 2026 CalcPairwiseDistances] Intersecting by AminoAcid
[Tue May 26 10:18:27 CST 2026 PairwiseOverlap] Started batch overlap for 10 samples (45 pairs)
[Tue May 26 10:18:29 CST 2026 PairwiseOverlap] Processed 10 of 45 pairs. Memory usage: 2 of 9 GB
[Tue May 26 10:18:29 CST 2026 PairwiseOverlap] Processed 20 of 45 pairs. Memory usage: 2 of 9 GB
[Tue May 26 10:18:30 CST 2026 PairwiseOverlap] Processed 30 of 45 pairs. Memory usage: 2 of 8 GB
[Tue May 26 10:18:30 CST 2026 PairwiseOverlap] Processed 40 of 45 pairs. Memory usage: 2 of 9 GB
[Tue May 26 10:18:30 CST 2026 CalcPairwiseDistances] Writing results
[Tue May 26 10:18:30 CST 2026 CalcPairwiseDistances] Finished
