WARNING: An illegal reflective access operation has occurred
WARNING: Illegal reflective access by org.codehaus.groovy.vmplugin.v7.Java7$1 (file:/haplox/users/donglf/TCR_chenyr/shell/vdjtools-1.2.1/vdjtools-1.2.1.jar) to constructor java.lang.invoke.MethodHandles$Lookup(java.lang.Class,int)
WARNING: Please consider reporting this to the maintainers of org.codehaus.groovy.vmplugin.v7.Java7$1
WARNING: Use --illegal-access=warn to enable warnings of further illegal reflective access operations
WARNING: All illegal access operations will be denied in a future release
Executing com.antigenomics.vdjtools.diversity.RarefactionPlot -m /haplox/users/chenya/TCR_TEST/vdjtools_comparison_minCount2/rarefaction/all.TRB.rarefaction.metadata.txt /haplox/users/chenya/TCR_TEST/vdjtools_comparison_minCount2/rarefaction/all.TRB.rarefaction
[Tue May 26 10:18:00 CST 2026 RarefactionPlot] Reading samples
[Tue May 26 10:18:00 CST 2026 RarefactionPlot] 10 samples to analyze
[Tue May 26 10:18:00 CST 2026 SampleCollection] Collecting sample statistics
[Tue May 26 10:18:01 CST 2026 ClonotypeStreamParser] Finished parsing 13793 lines. 1 header and 0 bad line(s) were skipped. Bad line statistics: NO_CDR3NT=0, NO_CDR3AA=0, NO_V=0, NO_J=0, ZERO_COUNT=0, ZERO_FREQ=0, BAD_LINE=0
[Tue May 26 10:18:01 CST 2026 ClonotypeStreamParser] Finished parsing 13800 lines. 1 header and 0 bad line(s) were skipped. Bad line statistics: NO_CDR3NT=0, NO_CDR3AA=0, NO_V=0, NO_J=0, ZERO_COUNT=0, ZERO_FREQ=0, BAD_LINE=0
[Tue May 26 10:18:02 CST 2026 ClonotypeStreamParser] Finished parsing 39390 lines. 1 header and 0 bad line(s) were skipped. Bad line statistics: NO_CDR3NT=0, NO_CDR3AA=0, NO_V=0, NO_J=0, ZERO_COUNT=0, ZERO_FREQ=0, BAD_LINE=0
[Tue May 26 10:18:02 CST 2026 ClonotypeStreamParser] Finished parsing 39327 lines. 1 header and 0 bad line(s) were skipped. Bad line statistics: NO_CDR3NT=0, NO_CDR3AA=0, NO_V=0, NO_J=0, ZERO_COUNT=0, ZERO_FREQ=0, BAD_LINE=0
[Tue May 26 10:18:02 CST 2026 ClonotypeStreamParser] Finished parsing 8606 lines. 1 header and 0 bad line(s) were skipped. Bad line statistics: NO_CDR3NT=0, NO_CDR3AA=0, NO_V=0, NO_J=0, ZERO_COUNT=0, ZERO_FREQ=0, BAD_LINE=0
[Tue May 26 10:18:03 CST 2026 ClonotypeStreamParser] Finished parsing 54012 lines. 1 header and 0 bad line(s) were skipped. Bad line statistics: NO_CDR3NT=0, NO_CDR3AA=0, NO_V=0, NO_J=0, ZERO_COUNT=0, ZERO_FREQ=0, BAD_LINE=0
[Tue May 26 10:18:04 CST 2026 ClonotypeStreamParser] Finished parsing 54067 lines. 1 header and 0 bad line(s) were skipped. Bad line statistics: NO_CDR3NT=0, NO_CDR3AA=0, NO_V=0, NO_J=0, ZERO_COUNT=0, ZERO_FREQ=0, BAD_LINE=0
[Tue May 26 10:18:04 CST 2026 ClonotypeStreamParser] Finished parsing 8611 lines. 1 header and 0 bad line(s) were skipped. Bad line statistics: NO_CDR3NT=0, NO_CDR3AA=0, NO_V=0, NO_J=0, ZERO_COUNT=0, ZERO_FREQ=0, BAD_LINE=0
[Tue May 26 10:18:04 CST 2026 ClonotypeStreamParser] Finished parsing 40013 lines. 1 header and 0 bad line(s) were skipped. Bad line statistics: NO_CDR3NT=0, NO_CDR3AA=0, NO_V=0, NO_J=0, ZERO_COUNT=0, ZERO_FREQ=0, BAD_LINE=0
[Tue May 26 10:18:05 CST 2026 ClonotypeStreamParser] Finished parsing 40018 lines. 1 header and 0 bad line(s) were skipped. Bad line statistics: NO_CDR3NT=0, NO_CDR3AA=0, NO_V=0, NO_J=0, ZERO_COUNT=0, ZERO_FREQ=0, BAD_LINE=0
[Tue May 26 10:18:05 CST 2026 SampleStreamConnection] Loading sample S044_SZ20250508032WHB-2_gdna_genome_2537265_amp
[Tue May 26 10:18:05 CST 2026 ClonotypeStreamParser] Finished parsing 13800 lines. 1 header and 0 bad line(s) were skipped. Bad line statistics: NO_CDR3NT=0, NO_CDR3AA=0, NO_V=0, NO_J=0, ZERO_COUNT=0, ZERO_FREQ=0, BAD_LINE=0
[Tue May 26 10:18:05 CST 2026 SampleStreamConnection] Loaded sample S044_SZ20250508032WHB-2_gdna_genome_2537265_amp with 13800 clonotypes and 19153190 cells. Memory usage: 2 of 8 GB
[Tue May 26 10:18:05 CST 2026 RarefactionPlot] Gathering stats for S044_SZ20250508032WHB-2_gdna_genome_2537265_amp
[Tue May 26 10:18:05 CST 2026 RarefactionPlot] Bulding rarefaction curve for S044_SZ20250508032WHB-2_gdna_genome_2537265_amp
[Tue May 26 10:18:07 CST 2026 SampleStreamConnection] Loading sample S044_SZ20250508032WHB-2_gdna_genome_2537265_rna
[Tue May 26 10:18:07 CST 2026 ClonotypeStreamParser] Finished parsing 13793 lines. 1 header and 0 bad line(s) were skipped. Bad line statistics: NO_CDR3NT=0, NO_CDR3AA=0, NO_V=0, NO_J=0, ZERO_COUNT=0, ZERO_FREQ=0, BAD_LINE=0
[Tue May 26 10:18:07 CST 2026 SampleStreamConnection] Loaded sample S044_SZ20250508032WHB-2_gdna_genome_2537265_rna with 13793 clonotypes and 19141250 cells. Memory usage: 2 of 9 GB
[Tue May 26 10:18:07 CST 2026 RarefactionPlot] Gathering stats for S044_SZ20250508032WHB-2_gdna_genome_2537265_rna
[Tue May 26 10:18:07 CST 2026 RarefactionPlot] Bulding rarefaction curve for S044_SZ20250508032WHB-2_gdna_genome_2537265_rna
[Tue May 26 10:18:08 CST 2026 SampleStreamConnection] Loading sample S045_SZ20250522049WHB-1_gdna_genome_2537266_amp
[Tue May 26 10:18:09 CST 2026 ClonotypeStreamParser] Finished parsing 39390 lines. 1 header and 0 bad line(s) were skipped. Bad line statistics: NO_CDR3NT=0, NO_CDR3AA=0, NO_V=0, NO_J=0, ZERO_COUNT=0, ZERO_FREQ=0, BAD_LINE=0
[Tue May 26 10:18:09 CST 2026 SampleStreamConnection] Loaded sample S045_SZ20250522049WHB-1_gdna_genome_2537266_amp with 39390 clonotypes and 28840923 cells. Memory usage: 2 of 9 GB
[Tue May 26 10:18:09 CST 2026 RarefactionPlot] Gathering stats for S045_SZ20250522049WHB-1_gdna_genome_2537266_amp
[Tue May 26 10:18:09 CST 2026 RarefactionPlot] Bulding rarefaction curve for S045_SZ20250522049WHB-1_gdna_genome_2537266_amp
[Tue May 26 10:18:10 CST 2026 SampleStreamConnection] Loading sample S045_SZ20250522049WHB-1_gdna_genome_2537266_rna
[Tue May 26 10:18:11 CST 2026 ClonotypeStreamParser] Finished parsing 39327 lines. 1 header and 0 bad line(s) were skipped. Bad line statistics: NO_CDR3NT=0, NO_CDR3AA=0, NO_V=0, NO_J=0, ZERO_COUNT=0, ZERO_FREQ=0, BAD_LINE=0
[Tue May 26 10:18:11 CST 2026 SampleStreamConnection] Loaded sample S045_SZ20250522049WHB-1_gdna_genome_2537266_rna with 39327 clonotypes and 28824471 cells. Memory usage: 2 of 8 GB
[Tue May 26 10:18:11 CST 2026 RarefactionPlot] Gathering stats for S045_SZ20250522049WHB-1_gdna_genome_2537266_rna
[Tue May 26 10:18:11 CST 2026 RarefactionPlot] Bulding rarefaction curve for S045_SZ20250522049WHB-1_gdna_genome_2537266_rna
[Tue May 26 10:18:12 CST 2026 SampleStreamConnection] Loading sample S046_SZ20250522052WHB-9_gdna_genome_2537267_amp
[Tue May 26 10:18:13 CST 2026 ClonotypeStreamParser] Finished parsing 54067 lines. 1 header and 0 bad line(s) were skipped. Bad line statistics: NO_CDR3NT=0, NO_CDR3AA=0, NO_V=0, NO_J=0, ZERO_COUNT=0, ZERO_FREQ=0, BAD_LINE=0
[Tue May 26 10:18:13 CST 2026 SampleStreamConnection] Loaded sample S046_SZ20250522052WHB-9_gdna_genome_2537267_amp with 54067 clonotypes and 19127750 cells. Memory usage: 2 of 8 GB
[Tue May 26 10:18:13 CST 2026 RarefactionPlot] Gathering stats for S046_SZ20250522052WHB-9_gdna_genome_2537267_amp
[Tue May 26 10:18:13 CST 2026 RarefactionPlot] Bulding rarefaction curve for S046_SZ20250522052WHB-9_gdna_genome_2537267_amp
[Tue May 26 10:18:14 CST 2026 SampleStreamConnection] Loading sample S046_SZ20250522052WHB-9_gdna_genome_2537267_rna
[Tue May 26 10:18:14 CST 2026 ClonotypeStreamParser] Finished parsing 54012 lines. 1 header and 0 bad line(s) were skipped. Bad line statistics: NO_CDR3NT=0, NO_CDR3AA=0, NO_V=0, NO_J=0, ZERO_COUNT=0, ZERO_FREQ=0, BAD_LINE=0
[Tue May 26 10:18:14 CST 2026 SampleStreamConnection] Loaded sample S046_SZ20250522052WHB-9_gdna_genome_2537267_rna with 54012 clonotypes and 19113733 cells. Memory usage: 2 of 9 GB
[Tue May 26 10:18:14 CST 2026 RarefactionPlot] Gathering stats for S046_SZ20250522052WHB-9_gdna_genome_2537267_rna
[Tue May 26 10:18:14 CST 2026 RarefactionPlot] Bulding rarefaction curve for S046_SZ20250522052WHB-9_gdna_genome_2537267_rna
[Tue May 26 10:18:15 CST 2026 SampleStreamConnection] Loading sample S047_SZ20250522068WHB-0_gdna_genome_2537268_amp
[Tue May 26 10:18:15 CST 2026 ClonotypeStreamParser] Finished parsing 8606 lines. 1 header and 0 bad line(s) were skipped. Bad line statistics: NO_CDR3NT=0, NO_CDR3AA=0, NO_V=0, NO_J=0, ZERO_COUNT=0, ZERO_FREQ=0, BAD_LINE=0
[Tue May 26 10:18:15 CST 2026 SampleStreamConnection] Loaded sample S047_SZ20250522068WHB-0_gdna_genome_2537268_amp with 8606 clonotypes and 18053240 cells. Memory usage: 2 of 8 GB
[Tue May 26 10:18:15 CST 2026 RarefactionPlot] Gathering stats for S047_SZ20250522068WHB-0_gdna_genome_2537268_amp
[Tue May 26 10:18:15 CST 2026 RarefactionPlot] Bulding rarefaction curve for S047_SZ20250522068WHB-0_gdna_genome_2537268_amp
[Tue May 26 10:18:16 CST 2026 SampleStreamConnection] Loading sample S047_SZ20250522068WHB-0_gdna_genome_2537268_rna
[Tue May 26 10:18:16 CST 2026 ClonotypeStreamParser] Finished parsing 8611 lines. 1 header and 0 bad line(s) were skipped. Bad line statistics: NO_CDR3NT=0, NO_CDR3AA=0, NO_V=0, NO_J=0, ZERO_COUNT=0, ZERO_FREQ=0, BAD_LINE=0
[Tue May 26 10:18:16 CST 2026 SampleStreamConnection] Loaded sample S047_SZ20250522068WHB-0_gdna_genome_2537268_rna with 8611 clonotypes and 18045108 cells. Memory usage: 2 of 9 GB
[Tue May 26 10:18:16 CST 2026 RarefactionPlot] Gathering stats for S047_SZ20250522068WHB-0_gdna_genome_2537268_rna
[Tue May 26 10:18:16 CST 2026 RarefactionPlot] Bulding rarefaction curve for S047_SZ20250522068WHB-0_gdna_genome_2537268_rna
[Tue May 26 10:18:17 CST 2026 SampleStreamConnection] Loading sample S048_SZ20250621039WHB-2_gdna_genome_2537269_amp
[Tue May 26 10:18:18 CST 2026 ClonotypeStreamParser] Finished parsing 40013 lines. 1 header and 0 bad line(s) were skipped. Bad line statistics: NO_CDR3NT=0, NO_CDR3AA=0, NO_V=0, NO_J=0, ZERO_COUNT=0, ZERO_FREQ=0, BAD_LINE=0
[Tue May 26 10:18:18 CST 2026 SampleStreamConnection] Loaded sample S048_SZ20250621039WHB-2_gdna_genome_2537269_amp with 40013 clonotypes and 24221044 cells. Memory usage: 2 of 9 GB
[Tue May 26 10:18:18 CST 2026 RarefactionPlot] Gathering stats for S048_SZ20250621039WHB-2_gdna_genome_2537269_amp
[Tue May 26 10:18:18 CST 2026 RarefactionPlot] Bulding rarefaction curve for S048_SZ20250621039WHB-2_gdna_genome_2537269_amp
[Tue May 26 10:18:19 CST 2026 SampleStreamConnection] Loading sample S048_SZ20250621039WHB-2_gdna_genome_2537269_rna
[Tue May 26 10:18:19 CST 2026 ClonotypeStreamParser] Finished parsing 40018 lines. 1 header and 0 bad line(s) were skipped. Bad line statistics: NO_CDR3NT=0, NO_CDR3AA=0, NO_V=0, NO_J=0, ZERO_COUNT=0, ZERO_FREQ=0, BAD_LINE=0
[Tue May 26 10:18:19 CST 2026 SampleStreamConnection] Loaded sample S048_SZ20250621039WHB-2_gdna_genome_2537269_rna with 40018 clonotypes and 24200430 cells. Memory usage: 2 of 9 GB
[Tue May 26 10:18:19 CST 2026 RarefactionPlot] Gathering stats for S048_SZ20250621039WHB-2_gdna_genome_2537269_rna
[Tue May 26 10:18:19 CST 2026 RarefactionPlot] Bulding rarefaction curve for S048_SZ20250621039WHB-2_gdna_genome_2537269_rna
[Tue May 26 10:18:20 CST 2026 RarefactionPlot] Plotting data
[RUtil] Executing Rscript rarefaction_curve.r /haplox/users/chenya/TCR_TEST/vdjtools_comparison_minCount2/rarefaction/all.TRB.rarefaction.rarefaction.strict.txt 1 1 F F F F /haplox/users/chenya/TCR_TEST/vdjtools_comparison_minCount2/rarefaction/all.TRB.rarefaction.rarefaction.strict.pdf
[ERROR] 载入需要的程辑包：reshape
Warning message:
In library(package, lib.loc = lib.loc, character.only = TRUE, logical.return = TRUE,  :
  不存在叫‘reshape’这个名字的程辑包
载入需要的程辑包：ggplot2
Warning message:
In library(package, lib.loc = lib.loc, character.only = TRUE, logical.return = TRUE,  :
  不存在叫‘ggplot2’这个名字的程辑包
载入需要的程辑包：gridExtra
Warning message:
In library(package, lib.loc = lib.loc, character.only = TRUE, logical.return = TRUE,  :
  不存在叫‘gridExtra’这个名字的程辑包
载入需要的程辑包：FField
Warning message:
In library(package, lib.loc = lib.loc, character.only = TRUE, logical.return = TRUE,  :
  不存在叫‘FField’这个名字的程辑包
载入需要的程辑包：grid
Error in ggplot(df, aes(x = x, y = mean, group = dataset)) : 
  没有"ggplot"这个函数
停止执行

[Tue May 26 10:18:20 CST 2026 RarefactionPlot] Finished
