WARNING: An illegal reflective access operation has occurred
WARNING: Illegal reflective access by org.codehaus.groovy.vmplugin.v7.Java7$1 (file:/haplox/users/donglf/TCR_chenyr/shell/vdjtools-1.2.1/vdjtools-1.2.1.jar) to constructor java.lang.invoke.MethodHandles$Lookup(java.lang.Class,int)
WARNING: Please consider reporting this to the maintainers of org.codehaus.groovy.vmplugin.v7.Java7$1
WARNING: Use --illegal-access=warn to enable warnings of further illegal reflective access operations
WARNING: All illegal access operations will be denied in a future release
Executing com.antigenomics.vdjtools.basic.CalcSegmentUsage -m /haplox/users/chenya/TCR_TEST/vdjtools_comparison_minCount2/rna-seq/S045_SZ20250522049WHB-1_gdna_genome_2537266/S045_SZ20250522049WHB-1_gdna_genome_2537266.TRB.metadata.txt -p /haplox/users/chenya/TCR_TEST/vdjtools_comparison_minCount2/rna-seq/S045_SZ20250522049WHB-1_gdna_genome_2537266/S045_SZ20250522049WHB-1_gdna_genome_2537266.TRB.segment
[Tue May 26 10:16:11 CST 2026 CalcSegmentUsage] Reading samples
[Tue May 26 10:16:11 CST 2026 CalcSegmentUsage] 1 samples loaded
[Tue May 26 10:16:11 CST 2026 SampleStreamConnection] Loading sample S045_SZ20250522049WHB-1_gdna_genome_2537266
[Tue May 26 10:16:12 CST 2026 ClonotypeStreamParser] Finished parsing 39327 lines. 1 header and 0 bad line(s) were skipped. Bad line statistics: NO_CDR3NT=0, NO_CDR3AA=0, NO_V=0, NO_J=0, ZERO_COUNT=0, ZERO_FREQ=0, BAD_LINE=0
[Tue May 26 10:16:12 CST 2026 SampleStreamConnection] Loaded sample S045_SZ20250522049WHB-1_gdna_genome_2537266 with 39327 clonotypes and 28824471 cells. Memory usage: 2 of 9 GB
[Tue May 26 10:16:12 CST 2026 SegmentUsage] Processing sample S045_SZ20250522049WHB-1_gdna_genome_2537266
[RUtil] Executing Rscript vexpr_plot.r /haplox/users/chenya/TCR_TEST/vdjtools_comparison_minCount2/rna-seq/S045_SZ20250522049WHB-1_gdna_genome_2537266/S045_SZ20250522049WHB-1_gdna_genome_2537266.TRB.segment.segments.wt.V.txt 59 0 0 FALSE /haplox/users/chenya/TCR_TEST/vdjtools_comparison_minCount2/rna-seq/S045_SZ20250522049WHB-1_gdna_genome_2537266/S045_SZ20250522049WHB-1_gdna_genome_2537266.TRB.segment.segments.wt.V.pdf
[ERROR] 载入需要的程辑包：gplots
Warning message:
In library(package, lib.loc = lib.loc, character.only = TRUE, logical.return = TRUE,  :
  不存在叫‘gplots’这个名字的程辑包
载入需要的程辑包：RColorBrewer
Warning message:
In library(package, lib.loc = lib.loc, character.only = TRUE, logical.return = TRUE,  :
  不存在叫‘RColorBrewer’这个名字的程辑包
载入需要的程辑包：ggplot2
Warning message:
In library(package, lib.loc = lib.loc, character.only = TRUE, logical.return = TRUE,  :
  不存在叫‘ggplot2’这个名字的程辑包
载入需要的程辑包：plotrix
Warning message:
In library(package, lib.loc = lib.loc, character.only = TRUE, logical.return = TRUE,  :
  不存在叫‘plotrix’这个名字的程辑包
Error in heatmap.2(t(x), na.rm = F, labCol = df[, lbl_col], na.col = "grey50",  : 
  没有"heatmap.2"这个函数
Calls: my.plot
停止执行

[RUtil] Executing Rscript vexpr_plot.r /haplox/users/chenya/TCR_TEST/vdjtools_comparison_minCount2/rna-seq/S045_SZ20250522049WHB-1_gdna_genome_2537266/S045_SZ20250522049WHB-1_gdna_genome_2537266.TRB.segment.segments.wt.J.txt 14 0 0 FALSE /haplox/users/chenya/TCR_TEST/vdjtools_comparison_minCount2/rna-seq/S045_SZ20250522049WHB-1_gdna_genome_2537266/S045_SZ20250522049WHB-1_gdna_genome_2537266.TRB.segment.segments.wt.J.pdf
[ERROR] 载入需要的程辑包：gplots
Warning message:
In library(package, lib.loc = lib.loc, character.only = TRUE, logical.return = TRUE,  :
  不存在叫‘gplots’这个名字的程辑包
载入需要的程辑包：RColorBrewer
Warning message:
In library(package, lib.loc = lib.loc, character.only = TRUE, logical.return = TRUE,  :
  不存在叫‘RColorBrewer’这个名字的程辑包
载入需要的程辑包：ggplot2
Warning message:
In library(package, lib.loc = lib.loc, character.only = TRUE, logical.return = TRUE,  :
  不存在叫‘ggplot2’这个名字的程辑包
载入需要的程辑包：plotrix
Warning message:
In library(package, lib.loc = lib.loc, character.only = TRUE, logical.return = TRUE,  :
  不存在叫‘plotrix’这个名字的程辑包
Error in heatmap.2(t(x), na.rm = F, labCol = df[, lbl_col], na.col = "grey50",  : 
  没有"heatmap.2"这个函数
Calls: my.plot
停止执行

[Tue May 26 10:16:13 CST 2026 CalcSegmentUsage] Finished
