WARNING: An illegal reflective access operation has occurred
WARNING: Illegal reflective access by org.codehaus.groovy.vmplugin.v7.Java7$1 (file:/haplox/users/donglf/TCR_chenyr/shell/vdjtools-1.2.1/vdjtools-1.2.1.jar) to constructor java.lang.invoke.MethodHandles$Lookup(java.lang.Class,int)
WARNING: Please consider reporting this to the maintainers of org.codehaus.groovy.vmplugin.v7.Java7$1
WARNING: Use --illegal-access=warn to enable warnings of further illegal reflective access operations
WARNING: All illegal access operations will be denied in a future release
Executing com.antigenomics.vdjtools.overlap.OverlapPair -i strict /haplox/users/chenya/TCR_TEST/vdjtools_comparison_minCount2/overlap/S046_SZ20250522052WHB-9_gdna_genome_2537267_amp.TRB.convert.txt /haplox/users/chenya/TCR_TEST/vdjtools_comparison_minCount2/overlap/S046_SZ20250522052WHB-9_gdna_genome_2537267_rna.TRB.convert.txt /haplox/users/chenya/TCR_TEST/vdjtools_comparison_minCount2/overlap/S046_SZ20250522052WHB-9_gdna_genome_2537267.TRB.overlap
[Tue May 26 10:17:47 CST 2026 OverlapPair] Reading samples /haplox/users/chenya/TCR_TEST/vdjtools_comparison_minCount2/overlap/S046_SZ20250522052WHB-9_gdna_genome_2537267_amp.TRB.convert.txt and /haplox/users/chenya/TCR_TEST/vdjtools_comparison_minCount2/overlap/S046_SZ20250522052WHB-9_gdna_genome_2537267_rna.TRB.convert.txt
[Tue May 26 10:17:47 CST 2026 SampleStreamConnection] Loading sample S046_SZ20250522052WHB-9_gdna_genome_2537267_amp.TRB.convert
[Tue May 26 10:17:49 CST 2026 ClonotypeStreamParser] Finished parsing 54067 lines. 1 header and 0 bad line(s) were skipped. Bad line statistics: NO_CDR3NT=0, NO_CDR3AA=0, NO_V=0, NO_J=0, ZERO_COUNT=0, ZERO_FREQ=0, BAD_LINE=0
[Tue May 26 10:17:49 CST 2026 SampleStreamConnection] Loaded sample S046_SZ20250522052WHB-9_gdna_genome_2537267_amp.TRB.convert with 54067 clonotypes and 19127750 cells. Memory usage: 2 of 9 GB
[Tue May 26 10:17:49 CST 2026 SampleStreamConnection] Loading sample S046_SZ20250522052WHB-9_gdna_genome_2537267_rna.TRB.convert
[Tue May 26 10:17:50 CST 2026 ClonotypeStreamParser] Finished parsing 54012 lines. 1 header and 0 bad line(s) were skipped. Bad line statistics: NO_CDR3NT=0, NO_CDR3AA=0, NO_V=0, NO_J=0, ZERO_COUNT=0, ZERO_FREQ=0, BAD_LINE=0
[Tue May 26 10:17:50 CST 2026 SampleStreamConnection] Loaded sample S046_SZ20250522052WHB-9_gdna_genome_2537267_rna.TRB.convert with 54012 clonotypes and 19113733 cells. Memory usage: 2 of 9 GB
[Tue May 26 10:17:50 CST 2026 OverlapPair] Intersecting
[Tue May 26 10:17:50 CST 2026 Overlap] Intersecting samples #0 and 1
[Tue May 26 10:17:50 CST 2026 OverlapEvaluator] Computing Correlation
[Tue May 26 10:17:50 CST 2026 OverlapEvaluator] Computing CorrelationS
[Tue May 26 10:17:50 CST 2026 OverlapEvaluator] Computing Diversity
[Tue May 26 10:17:50 CST 2026 OverlapEvaluator] Computing Frequency
[Tue May 26 10:17:50 CST 2026 OverlapEvaluator] Computing Frequency2
[Tue May 26 10:17:50 CST 2026 OverlapEvaluator] Computing vJSD
[Tue May 26 10:17:50 CST 2026 SegmentUsage] Processing sample S046_SZ20250522052WHB-9_gdna_genome_2537267_amp.TRB.convert
[Tue May 26 10:17:50 CST 2026 SegmentUsage] Processing sample S046_SZ20250522052WHB-9_gdna_genome_2537267_rna.TRB.convert
[Tue May 26 10:17:50 CST 2026 OverlapEvaluator] Computing vjJSD
[Tue May 26 10:17:50 CST 2026 OverlapEvaluator] Computing vj2JSD
[Tue May 26 10:17:50 CST 2026 OverlapEvaluator] Computing sJSD
[Tue May 26 10:17:50 CST 2026 OverlapEvaluator] Computing Jaccard
[Tue May 26 10:17:50 CST 2026 OverlapEvaluator] Computing MorisitaHorn
[Tue May 26 10:17:51 CST 2026 OverlapPair] Writing output
[Tue May 26 10:17:52 CST 2026 OverlapPair] Finished
