WARNING: An illegal reflective access operation has occurred
WARNING: Illegal reflective access by org.codehaus.groovy.vmplugin.v7.Java7$1 (file:/haplox/users/donglf/TCR_chenyr/shell/vdjtools-1.2.1/vdjtools-1.2.1.jar) to constructor java.lang.invoke.MethodHandles$Lookup(java.lang.Class,int)
WARNING: Please consider reporting this to the maintainers of org.codehaus.groovy.vmplugin.v7.Java7$1
WARNING: Use --illegal-access=warn to enable warnings of further illegal reflective access operations
WARNING: All illegal access operations will be denied in a future release
Executing com.antigenomics.vdjtools.overlap.OverlapPair -i strict /haplox/users/chenya/TCR_TEST/vdjtools_comparison_minCount2/overlap/S047_SZ20250522068WHB-0_gdna_genome_2537268_amp.TRB.convert.txt /haplox/users/chenya/TCR_TEST/vdjtools_comparison_minCount2/overlap/S047_SZ20250522068WHB-0_gdna_genome_2537268_rna.TRB.convert.txt /haplox/users/chenya/TCR_TEST/vdjtools_comparison_minCount2/overlap/S047_SZ20250522068WHB-0_gdna_genome_2537268.TRB.overlap
[Tue May 26 10:17:53 CST 2026 OverlapPair] Reading samples /haplox/users/chenya/TCR_TEST/vdjtools_comparison_minCount2/overlap/S047_SZ20250522068WHB-0_gdna_genome_2537268_amp.TRB.convert.txt and /haplox/users/chenya/TCR_TEST/vdjtools_comparison_minCount2/overlap/S047_SZ20250522068WHB-0_gdna_genome_2537268_rna.TRB.convert.txt
[Tue May 26 10:17:53 CST 2026 SampleStreamConnection] Loading sample S047_SZ20250522068WHB-0_gdna_genome_2537268_amp.TRB.convert
[Tue May 26 10:17:53 CST 2026 ClonotypeStreamParser] Finished parsing 8606 lines. 1 header and 0 bad line(s) were skipped. Bad line statistics: NO_CDR3NT=0, NO_CDR3AA=0, NO_V=0, NO_J=0, ZERO_COUNT=0, ZERO_FREQ=0, BAD_LINE=0
[Tue May 26 10:17:53 CST 2026 SampleStreamConnection] Loaded sample S047_SZ20250522068WHB-0_gdna_genome_2537268_amp.TRB.convert with 8606 clonotypes and 18053240 cells. Memory usage: 2 of 9 GB
[Tue May 26 10:17:53 CST 2026 SampleStreamConnection] Loading sample S047_SZ20250522068WHB-0_gdna_genome_2537268_rna.TRB.convert
[Tue May 26 10:17:54 CST 2026 ClonotypeStreamParser] Finished parsing 8611 lines. 1 header and 0 bad line(s) were skipped. Bad line statistics: NO_CDR3NT=0, NO_CDR3AA=0, NO_V=0, NO_J=0, ZERO_COUNT=0, ZERO_FREQ=0, BAD_LINE=0
[Tue May 26 10:17:54 CST 2026 SampleStreamConnection] Loaded sample S047_SZ20250522068WHB-0_gdna_genome_2537268_rna.TRB.convert with 8611 clonotypes and 18045108 cells. Memory usage: 2 of 9 GB
[Tue May 26 10:17:54 CST 2026 OverlapPair] Intersecting
[Tue May 26 10:17:54 CST 2026 Overlap] Intersecting samples #0 and 1
[Tue May 26 10:17:54 CST 2026 OverlapEvaluator] Computing Correlation
[Tue May 26 10:17:54 CST 2026 OverlapEvaluator] Computing CorrelationS
[Tue May 26 10:17:54 CST 2026 OverlapEvaluator] Computing Diversity
[Tue May 26 10:17:54 CST 2026 OverlapEvaluator] Computing Frequency
[Tue May 26 10:17:54 CST 2026 OverlapEvaluator] Computing Frequency2
[Tue May 26 10:17:54 CST 2026 OverlapEvaluator] Computing vJSD
[Tue May 26 10:17:54 CST 2026 SegmentUsage] Processing sample S047_SZ20250522068WHB-0_gdna_genome_2537268_amp.TRB.convert
[Tue May 26 10:17:54 CST 2026 SegmentUsage] Processing sample S047_SZ20250522068WHB-0_gdna_genome_2537268_rna.TRB.convert
[Tue May 26 10:17:54 CST 2026 OverlapEvaluator] Computing vjJSD
[Tue May 26 10:17:54 CST 2026 OverlapEvaluator] Computing vj2JSD
[Tue May 26 10:17:54 CST 2026 OverlapEvaluator] Computing sJSD
[Tue May 26 10:17:54 CST 2026 OverlapEvaluator] Computing Jaccard
[Tue May 26 10:17:54 CST 2026 OverlapEvaluator] Computing MorisitaHorn
[Tue May 26 10:17:54 CST 2026 OverlapPair] Writing output
[Tue May 26 10:17:54 CST 2026 OverlapPair] Finished
